******************************************************************************
                  TI ARM Linker PC v18.12.3                    
******************************************************************************
>> Linked Sun Mar  1 20:04:59 2020

OUTPUT FILE NAME:   <1S2020_SIST_PRACTICA1.1 (Sensor de nivel).out>
ENTRY POINT SYMBOL: "_c_int00_noargs"  address: 0000166d


MEMORY CONFIGURATION

         name            origin    length      used     unused   attr    fill
----------------------  --------  ---------  --------  --------  ----  --------
  FLASH                 00000000   00040000  000019d4  0003e62c  R  X
  SRAM                  20000000   00008000  00000249  00007db7  RW X


SEGMENT ALLOCATION MAP

run origin  load origin   length   init length attrs members
----------  ----------- ---------- ----------- ----- -------
00000000    00000000    000019d8   000019d8    r-x
  00000000    00000000    0000026c   0000026c    r-- .intvecs
  0000026c    0000026c    000015a8   000015a8    r-x .text
  00001814    00001814    00000178   00000178    r-- .const
  00001990    00001990    00000048   00000048    r-- .cinit
20000000    20000000    00000250   00000000    rw-
  20000000    20000000    00000200   00000000    rw- .stack
  20000200    20000200    00000039   00000000    rw- .data
  20000240    20000240    00000010   00000000    rw- .bss


SECTION ALLOCATION MAP

 output                                  attributes/
section   page    origin      length       input sections
--------  ----  ----------  ----------   ----------------
.intvecs   0    00000000    0000026c     
                  00000000    0000026c     tm4c123gh6pm_startup_ccs.obj (.intvecs)

.text      0    0000026c    000015a8     
                  0000026c    000004b8     main.obj (.text)
                  00000724    000003a0     HASLCD_JR.obj (.text)
                  00000ac4    000001b6     rtsv7M4_T_le_v4SPD16_eabi.lib : fd_add_t2.asm.obj (.text)
                  00000c7a    00000136                                   : fd_div_t2.asm.obj (.text)
                  00000db0    00000132     driverlib.lib : gpio.obj (.text:GPIOPadConfigSet)
                  00000ee2    00000002     --HOLE-- [fill = 0]
                  00000ee4    00000110                   : sysctl.obj (.text:SysCtlClockGet)
                  00000ff4    000000fc     rtsv7M4_T_le_v4SPD16_eabi.lib : fd_mul_t2.asm.obj (.text)
                  000010f0    000000f4     driverlib.lib : sysctl.obj (.text:SysCtlClockSet)
                  000011e4    0000009c     rtsv7M4_T_le_v4SPD16_eabi.lib : memcpy_t2.asm.obj (.text)
                  00001280    00000086                                   : fd_cmp_t2.asm.obj (.text:__aeabi_cdcmple)
                  00001306    00000086                                   : fd_cmp_t2.asm.obj (.text:__aeabi_cdrcmple)
                  0000138c    00000068     driverlib.lib : interrupt.obj (.text:IntEnable)
                  000013f4    00000068     rtsv7M4_T_le_v4SPD16_eabi.lib : copy_decompress_lzss.c.obj (.text:decompress:lzss:__TI_decompress_lzss)
                  0000145c    00000060     driverlib.lib : timer.obj (.text:TimerConfigure)
                  000014bc    00000056                   : gpio.obj (.text:GPIOIntTypeSet)
                  00001512    00000054     rtsv7M4_T_le_v4SPD16_eabi.lib : ltoa.c.obj (.text:ltoa)
                  00001566    00000048                                   : fd_toi_t2.asm.obj (.text)
                  000015ae    00000002     --HOLE-- [fill = 0]
                  000015b0    00000044                                   : autoinit.c.obj (.text:__TI_auto_init_nobinit_nopinit:__TI_auto_init_nobinit_nopinit)
                  000015f4    00000044                                   : fd_tou_t2.asm.obj (.text)
                  00001638    00000034     driverlib.lib : sysctl.obj (.text:SysCtlPeripheralEnable)
                  0000166c    00000034     rtsv7M4_T_le_v4SPD16_eabi.lib : boot_cortex_m.c.obj (.text:_c_int00_noargs:_c_int00_noargs)
                  000016a0    0000002a     driverlib.lib : gpio.obj (.text:GPIODirModeSet)
                  000016ca    00000002     --HOLE-- [fill = 0]
                  000016cc    00000024                   : interrupt.obj (.text:IntPrioritySet)
                  000016f0    00000020     rtsv7M4_T_le_v4SPD16_eabi.lib : u_tofd_t2.asm.obj (.text)
                  00001710    0000001c                                   : copy_zero_init.c.obj (.text:decompress:ZI:__TI_zero_init_nomemset:__TI_zero_init_nomemset)
                  0000172c    00000018     driverlib.lib : gpio.obj (.text:GPIOPinTypeGPIOOutput)
                  00001744    00000018                   : timer.obj (.text:TimerDisable)
                  0000175c    00000012                   : gpio.obj (.text:GPIOPinTypeGPIOInput)
                  0000176e    00000012                   : timer.obj (.text:TimerLoadSet)
                  00001780    00000010                   : interrupt.obj (.text:IntMasterEnable)
                  00001790    0000000e                   : gpio.obj (.text:GPIOIntStatus)
                  0000179e    0000000e                   : timer.obj (.text:TimerEnable)
                  000017ac    0000000e     rtsv7M4_T_le_v4SPD16_eabi.lib : copy_decompress_none.c.obj (.text:decompress:none:__TI_decompress_none)
                  000017ba    0000000c     driverlib.lib : cpu.obj (.text:CPUcpsie)
                  000017c6    0000000c                   : gpio.obj (.text:GPIOIntEnable)
                  000017d2    0000000c     tm4c123gh6pm_startup_ccs.obj (.text)
                  000017de    0000000a     driverlib.lib : timer.obj (.text:TimerValueGet)
                  000017e8    00000008                   : timer.obj (.text:TimerIntEnable)
                  000017f0    00000006                   : gpio.obj (.text:GPIOIntClear)
                  000017f6    00000006                   : gpio.obj (.text:GPIOPinRead)
                  000017fc    00000006                   : gpio.obj (.text:GPIOPinWrite)
                  00001802    00000006                   : sysctl.obj (.text:SysCtlDelay)
                  00001808    00000004                   : timer.obj (.text:TimerIntClear)
                  0000180c    00000004     rtsv7M4_T_le_v4SPD16_eabi.lib : pre_init.c.obj (.text:_system_pre_init)
                  00001810    00000004                                   : exit.c.obj (.text:abort:abort)

.const     0    00001814    00000178     
                  00001814    0000009c     driverlib.lib : interrupt.obj (.const:g_pui32Regs)
                  000018b0    00000070                   : interrupt.obj (.const)
                  00001920    0000006c                   : sysctl.obj (.const:g_pui32Xtals)

.cinit     0    00001990    00000048     
                  00001990    00000020     (.cinit..data.load) [load image, compression = lzss]
                  000019b0    0000000c     (__TI_handler_table)
                  000019bc    00000004     --HOLE-- [fill = 0]
                  000019c0    00000008     (.cinit..bss.load) [load image, compression = zero_init]
                  000019c8    00000010     (__TI_cinit_table)

.init_array 
*          0    00000000    00000000     UNINITIALIZED

.data      0    20000200    00000039     UNINITIALIZED
                  20000200    00000035     main.obj (.data)
                  20000235    00000001     main.obj (.data:DistMedida_d)
                  20000236    00000001     main.obj (.data:DistTotal_H)
                  20000237    00000001     main.obj (.data:NivelAgua_N)
                  20000238    00000001     main.obj (.data:Porcentaje_P)

.bss       0    20000240    00000010     UNINITIALIZED
                  20000240    00000008     (.common:Time)
                  20000248    00000004     (.common:T1)
                  2000024c    00000004     (.common:T2)

.stack     0    20000000    00000200     UNINITIALIZED
                  20000000    00000004     rtsv7M4_T_le_v4SPD16_eabi.lib : boot_cortex_m.c.obj (.stack)
                  20000004    000001fc     --HOLE--

MODULE SUMMARY

       Module                         code   ro data   rw data
       ------                         ----   -------   -------
    .\
       main.obj                       1208   0         73     
       HASLCD_JR.obj                  928    0         0      
       tm4c123gh6pm_startup_ccs.obj   12     620       0      
    +--+------------------------------+------+---------+---------+
       Total:                         2148   620       73     
                                                              
    ../driverlib.lib
       sysctl.obj                     574    108       0      
       gpio.obj                       520    0         0      
       interrupt.obj                  156    268       0      
       timer.obj                      174    0         0      
       cpu.obj                        12     0         0      
    +--+------------------------------+------+---------+---------+
       Total:                         1436   376       0      
                                                              
    C:\ti\ccs920\ccs\tools\compiler\ti-cgt-arm_18.12.3.LTS\lib\rtsv7M4_T_le_v4SPD16_eabi.lib
       fd_add_t2.asm.obj              438    0         0      
       fd_div_t2.asm.obj              310    0         0      
       fd_cmp_t2.asm.obj              268    0         0      
       fd_mul_t2.asm.obj              252    0         0      
       memcpy_t2.asm.obj              156    0         0      
       copy_decompress_lzss.c.obj     104    0         0      
       ltoa.c.obj                     84     0         0      
       fd_toi_t2.asm.obj              72     0         0      
       autoinit.c.obj                 68     0         0      
       fd_tou_t2.asm.obj              68     0         0      
       boot_cortex_m.c.obj            52     0         0      
       u_tofd_t2.asm.obj              32     0         0      
       copy_zero_init.c.obj           28     0         0      
       copy_decompress_none.c.obj     14     0         0      
       exit.c.obj                     4      0         0      
       pre_init.c.obj                 4      0         0      
    +--+------------------------------+------+---------+---------+
       Total:                         1954   0         0      
                                                              
       Stack:                         0      0         512    
       Linker Generated:              0      68        0      
    +--+------------------------------+------+---------+---------+
       Grand Total:                   5538   1064      585    


LINKER GENERATED COPY TABLES

__TI_cinit_table @ 000019c8 records: 2, size/record: 8, table size: 16
	.data: load addr=00001990, load size=00000020 bytes, run addr=20000200, run size=00000039 bytes, compression=lzss
	.bss: load addr=000019c0, load size=00000008 bytes, run addr=20000240, run size=00000010 bytes, compression=zero_init


LINKER GENERATED HANDLER TABLE

__TI_handler_table @ 000019b0 records: 3, size/record: 4, table size: 12
	index: 0, handler: __TI_decompress_lzss
	index: 1, handler: __TI_decompress_none
	index: 2, handler: __TI_zero_init


GLOBAL SYMBOLS: SORTED ALPHABETICALLY BY Name 

address   name                          
-------   ----                          
000002c7  BotonesTivaC                  
00001811  C$$EXIT                       
000017bb  CPUcpsie                      
20000218  DistMedida                    
20000235  DistMedida_d                  
20000210  DistTotal                     
20000236  DistTotal_H                   
000004c5  ECHO_interrup                 
20000204  Echo                          
000016a1  GPIODirModeSet                
000017f1  GPIOIntClear                  
000017c7  GPIOIntEnable                 
00001791  GPIOIntStatus                 
000014bd  GPIOIntTypeSet                
00000db1  GPIOPadConfigSet              
000017f7  GPIOPinRead                   
0000175d  GPIOPinTypeGPIOInput          
0000172d  GPIOPinTypeGPIOOutput         
000017fd  GPIOPinWrite                  
00000461  GPIO_Config                   
0000138d  IntEnable                     
00001781  IntMasterEnable               
000016cd  IntPrioritySet                
00000335  Int_GPIO                      
0000026d  Int_Trigger                   
20000208  Load                          
20000220  NivelAgua                     
20000237  NivelAgua_N                   
20000228  Porcentaje                    
20000238  Porcentaje_P                  
000017d3  ResetISR                      
20000200  StateTrigger                  
00000ee5  SysCtlClockGet                
000010f1  SysCtlClockSet                
00001803  SysCtlDelay                   
00001639  SysCtlPeripheralEnable        
20000248  T1                            
2000024c  T2                            
00000515  TIMERS_Config                 
20000240  Time                          
0000145d  TimerConfigure                
00001745  TimerDisable                  
0000179f  TimerEnable                   
00001809  TimerIntClear                 
000017e9  TimerIntEnable                
0000176f  TimerLoadSet                  
000017df  TimerValueGet                 
20000200  __STACK_END                   
00000200  __STACK_SIZE                  
20000200  __STACK_TOP                   
000019c8  __TI_CINIT_Base               
000019d8  __TI_CINIT_Limit              
000019b0  __TI_Handler_Table_Base       
000019bc  __TI_Handler_Table_Limit      
000015b1  __TI_auto_init_nobinit_nopinit
000013f5  __TI_decompress_lzss          
000017ad  __TI_decompress_none          
ffffffff  __TI_pprof_out_hndl           
ffffffff  __TI_prof_data_size           
ffffffff  __TI_prof_data_start          
00000000  __TI_static_base__            
00001711  __TI_zero_init_nomemset       
00001281  __aeabi_cdcmpeq               
00001281  __aeabi_cdcmple               
00001307  __aeabi_cdrcmple              
00001567  __aeabi_d2iz                  
000015f5  __aeabi_d2uiz                 
00000acf  __aeabi_dadd                  
00000c7b  __aeabi_ddiv                  
00000ff5  __aeabi_dmul                  
00000ac5  __aeabi_dsub                  
000011e5  __aeabi_memcpy                
000011e5  __aeabi_memcpy4               
000011e5  __aeabi_memcpy8               
000016f1  __aeabi_ui2d                  
ffffffff  __binit__                     
ffffffff  __c_args__                    
UNDEFED   __mpu_init                    
20000000  __stack                       
0000166d  _c_int00_noargs               
UNDEFED   _system_post_cinit            
0000180d  _system_pre_init              
00001811  abort                         
ffffffff  binit                         
20000234  flag                          
00000000  g_pfnVectors                  
0000099f  has_lcd_4bitsetup             
00000815  has_lcd_erase                 
0000096b  has_lcd_position              
00000861  has_lcd_sendchar              
000008e5  has_lcd_sendcommand           
00000725  has_lcd_switchwrite           
00000827  has_lcd_write                 
00001513  ltoa                          
000005b1  main                          
000011e5  memcpy                        
20000230  mostrar                       


GLOBAL SYMBOLS: SORTED BY Symbol Address 

address   name                          
-------   ----                          
00000000  __TI_static_base__            
00000000  g_pfnVectors                  
00000200  __STACK_SIZE                  
0000026d  Int_Trigger                   
000002c7  BotonesTivaC                  
00000335  Int_GPIO                      
00000461  GPIO_Config                   
000004c5  ECHO_interrup                 
00000515  TIMERS_Config                 
000005b1  main                          
00000725  has_lcd_switchwrite           
00000815  has_lcd_erase                 
00000827  has_lcd_write                 
00000861  has_lcd_sendchar              
000008e5  has_lcd_sendcommand           
0000096b  has_lcd_position              
0000099f  has_lcd_4bitsetup             
00000ac5  __aeabi_dsub                  
00000acf  __aeabi_dadd                  
00000c7b  __aeabi_ddiv                  
00000db1  GPIOPadConfigSet              
00000ee5  SysCtlClockGet                
00000ff5  __aeabi_dmul                  
000010f1  SysCtlClockSet                
000011e5  __aeabi_memcpy                
000011e5  __aeabi_memcpy4               
000011e5  __aeabi_memcpy8               
000011e5  memcpy                        
00001281  __aeabi_cdcmpeq               
00001281  __aeabi_cdcmple               
00001307  __aeabi_cdrcmple              
0000138d  IntEnable                     
000013f5  __TI_decompress_lzss          
0000145d  TimerConfigure                
000014bd  GPIOIntTypeSet                
00001513  ltoa                          
00001567  __aeabi_d2iz                  
000015b1  __TI_auto_init_nobinit_nopinit
000015f5  __aeabi_d2uiz                 
00001639  SysCtlPeripheralEnable        
0000166d  _c_int00_noargs               
000016a1  GPIODirModeSet                
000016cd  IntPrioritySet                
000016f1  __aeabi_ui2d                  
00001711  __TI_zero_init_nomemset       
0000172d  GPIOPinTypeGPIOOutput         
00001745  TimerDisable                  
0000175d  GPIOPinTypeGPIOInput          
0000176f  TimerLoadSet                  
00001781  IntMasterEnable               
00001791  GPIOIntStatus                 
0000179f  TimerEnable                   
000017ad  __TI_decompress_none          
000017bb  CPUcpsie                      
000017c7  GPIOIntEnable                 
000017d3  ResetISR                      
000017df  TimerValueGet                 
000017e9  TimerIntEnable                
000017f1  GPIOIntClear                  
000017f7  GPIOPinRead                   
000017fd  GPIOPinWrite                  
00001803  SysCtlDelay                   
00001809  TimerIntClear                 
0000180d  _system_pre_init              
00001811  C$$EXIT                       
00001811  abort                         
000019b0  __TI_Handler_Table_Base       
000019bc  __TI_Handler_Table_Limit      
000019c8  __TI_CINIT_Base               
000019d8  __TI_CINIT_Limit              
20000000  __stack                       
20000200  StateTrigger                  
20000200  __STACK_END                   
20000200  __STACK_TOP                   
20000204  Echo                          
20000208  Load                          
20000210  DistTotal                     
20000218  DistMedida                    
20000220  NivelAgua                     
20000228  Porcentaje                    
20000230  mostrar                       
20000234  flag                          
20000235  DistMedida_d                  
20000236  DistTotal_H                   
20000237  NivelAgua_N                   
20000238  Porcentaje_P                  
20000240  Time                          
20000248  T1                            
2000024c  T2                            
ffffffff  __TI_pprof_out_hndl           
ffffffff  __TI_prof_data_size           
ffffffff  __TI_prof_data_start          
ffffffff  __binit__                     
ffffffff  __c_args__                    
ffffffff  binit                         
UNDEFED   __mpu_init                    
UNDEFED   _system_post_cinit            

[97 symbols]
