******************************************************************************
                  TI ARM Linker PC v18.12.3                    
******************************************************************************
>> Linked Sun Mar 22 15:07:23 2020

OUTPUT FILE NAME:   <1S2020_SIST_PRACTICA2 (PWM).out>
ENTRY POINT SYMBOL: "_c_int00_noargs"  address: 00001125


MEMORY CONFIGURATION

         name            origin    length      used     unused   attr    fill
----------------------  --------  ---------  --------  --------  ----  --------
  FLASH                 00000000   00040000  0000148a  0003eb76  R  X
  SRAM                  20000000   00008000  0000020d  00007df3  RW X


SEGMENT ALLOCATION MAP

run origin  load origin   length   init length attrs members
----------  ----------- ---------- ----------- ----- -------
00000000    00000000    00001490   00001490    r-x
  00000000    00000000    0000026c   0000026c    r-- .intvecs
  0000026c    0000026c    00001082   00001082    r-x .text
  000012f0    000012f0    0000016c   0000016c    r-- .const
  00001460    00001460    00000030   00000030    r-- .cinit
20000000    20000000    0000020d   00000000    rw-
  20000000    20000000    00000200   00000000    rw- .stack
  20000200    20000200    00000008   00000000    rw- .bss
  20000208    20000208    00000005   00000000    rw- .data


SECTION ALLOCATION MAP

 output                                  attributes/
section   page    origin      length       input sections
--------  ----  ----------  ----------   ----------------
.intvecs   0    00000000    0000026c     
                  00000000    0000026c     tm4c123gh6pm_startup_ccs.obj (.intvecs)

.text      0    0000026c    00001082     
                  0000026c    000003a0     HASLCD_JR.obj (.text)
                  0000060c    000002e8     main.obj (.text)
                  000008f4    00000136     rtsv7M4_T_le_v4SPD16_eabi.lib : fd_div_t2.asm.obj (.text)
                  00000a2a    00000132     driverlib.lib : gpio.obj (.text:GPIOPadConfigSet)
                  00000b5c    00000110                   : sysctl.obj (.text:SysCtlClockGet)
                  00000c6c    000000fc     rtsv7M4_T_le_v4SPD16_eabi.lib : fd_mul_t2.asm.obj (.text)
                  00000d68    000000f4     driverlib.lib : sysctl.obj (.text:SysCtlClockSet)
                  00000e5c    0000009c     rtsv7M4_T_le_v4SPD16_eabi.lib : memcpy_t2.asm.obj (.text)
                  00000ef8    00000068     driverlib.lib : interrupt.obj (.text:IntEnable)
                  00000f60    00000068     rtsv7M4_T_le_v4SPD16_eabi.lib : copy_decompress_lzss.c.obj (.text:decompress:lzss:__TI_decompress_lzss)
                  00000fc8    00000056     driverlib.lib : gpio.obj (.text:GPIOIntTypeSet)
                  0000101e    00000002     --HOLE-- [fill = 0]
                  00001020    00000048                   : gpio.obj (.text:GPIOPinConfigure)
                  00001068    00000044     rtsv7M4_T_le_v4SPD16_eabi.lib : autoinit.c.obj (.text:__TI_auto_init_nobinit_nopinit:__TI_auto_init_nobinit_nopinit)
                  000010ac    00000044                                   : fd_tou_t2.asm.obj (.text)
                  000010f0    00000034     driverlib.lib : sysctl.obj (.text:SysCtlPeripheralEnable)
                  00001124    00000034     rtsv7M4_T_le_v4SPD16_eabi.lib : boot_cortex_m.c.obj (.text:_c_int00_noargs:_c_int00_noargs)
                  00001158    0000002a     driverlib.lib : gpio.obj (.text:GPIODirModeSet)
                  00001182    00000022                   : pwm.obj (.text:PWMGenConfigure)
                  000011a4    00000020     rtsv7M4_T_le_v4SPD16_eabi.lib : u_tofd_t2.asm.obj (.text)
                  000011c4    0000001e     driverlib.lib : pwm.obj (.text:PWMPulseWidthSet)
                  000011e2    0000001c     rtsv7M4_T_le_v4SPD16_eabi.lib : copy_zero_init.c.obj (.text:decompress:ZI:__TI_zero_init_nomemset:__TI_zero_init_nomemset)
                  000011fe    00000018     driverlib.lib : gpio.obj (.text:GPIOPinTypeGPIOOutput)
                  00001216    00000002     --HOLE-- [fill = 0]
                  00001218    00000014                   : sysctl.obj (.text:SysCtlPWMClockSet)
                  0000122c    00000012                   : gpio.obj (.text:GPIOPinTypeGPIOInput)
                  0000123e    00000012                   : gpio.obj (.text:GPIOPinTypePWM)
                  00001250    00000012                   : pwm.obj (.text:PWMOutputState)
                  00001262    00000010                   : interrupt.obj (.text:IntMasterEnable)
                  00001272    00000010                   : pwm.obj (.text:PWMGenPeriodSet)
                  00001282    0000000e                   : gpio.obj (.text:GPIOIntStatus)
                  00001290    0000000e     rtsv7M4_T_le_v4SPD16_eabi.lib : copy_decompress_none.c.obj (.text:decompress:none:__TI_decompress_none)
                  0000129e    0000000c     driverlib.lib : cpu.obj (.text:CPUcpsie)
                  000012aa    0000000c                   : gpio.obj (.text:GPIOIntEnable)
                  000012b6    0000000c                   : pwm.obj (.text:PWMGenEnable)
                  000012c2    0000000c     tm4c123gh6pm_startup_ccs.obj (.text)
                  000012ce    00000006     driverlib.lib : gpio.obj (.text:GPIOIntClear)
                  000012d4    00000006                   : gpio.obj (.text:GPIOPinRead)
                  000012da    00000006                   : gpio.obj (.text:GPIOPinWrite)
                  000012e0    00000006                   : sysctl.obj (.text:SysCtlDelay)
                  000012e6    00000004     rtsv7M4_T_le_v4SPD16_eabi.lib : pre_init.c.obj (.text:_system_pre_init)
                  000012ea    00000004                                   : exit.c.obj (.text:abort:abort)

.const     0    000012f0    0000016c     
                  000012f0    00000090     driverlib.lib : gpio.obj (.const:g_pui32GPIOBaseAddrs)
                  00001380    00000070                   : interrupt.obj (.const)
                  000013f0    0000006c                   : sysctl.obj (.const:g_pui32Xtals)

.cinit     0    00001460    00000030     
                  00001460    0000000c     (__TI_handler_table)
                  0000146c    00000004     --HOLE-- [fill = 0]
                  00001470    00000008     (.cinit..bss.load) [load image, compression = zero_init]
                  00001478    00000007     (.cinit..data.load) [load image, compression = lzss]
                  0000147f    00000001     --HOLE-- [fill = 0]
                  00001480    00000010     (__TI_cinit_table)

.init_array 
*          0    00000000    00000000     UNINITIALIZED

.bss       0    20000200    00000008     UNINITIALIZED
                  20000200    00000004     (.common:Load)
                  20000204    00000004     (.common:PWMClock)

.data      0    20000208    00000005     UNINITIALIZED
                  20000208    00000005     main.obj (.data)

.stack     0    20000000    00000200     UNINITIALIZED
                  20000000    00000004     rtsv7M4_T_le_v4SPD16_eabi.lib : boot_cortex_m.c.obj (.stack)
                  20000004    000001fc     --HOLE--

MODULE SUMMARY

       Module                         code   ro data   rw data
       ------                         ----   -------   -------
    .\
       HASLCD_JR.obj                  928    0         0      
       main.obj                       744    0         13     
       tm4c123gh6pm_startup_ccs.obj   12     620       0      
    +--+------------------------------+------+---------+---------+
       Total:                         1684   620       13     
                                                              
    ../driverlib.lib
       gpio.obj                       610    144       0      
       sysctl.obj                     594    108       0      
       interrupt.obj                  120    112       0      
       pwm.obj                        110    0         0      
       cpu.obj                        12     0         0      
    +--+------------------------------+------+---------+---------+
       Total:                         1446   364       0      
                                                              
    C:\ti\ccs920\ccs\tools\compiler\ti-cgt-arm_18.12.3.LTS\lib\rtsv7M4_T_le_v4SPD16_eabi.lib
       fd_div_t2.asm.obj              310    0         0      
       fd_mul_t2.asm.obj              252    0         0      
       memcpy_t2.asm.obj              156    0         0      
       copy_decompress_lzss.c.obj     104    0         0      
       autoinit.c.obj                 68     0         0      
       fd_tou_t2.asm.obj              68     0         0      
       boot_cortex_m.c.obj            52     0         0      
       u_tofd_t2.asm.obj              32     0         0      
       copy_zero_init.c.obj           28     0         0      
       copy_decompress_none.c.obj     14     0         0      
       exit.c.obj                     4      0         0      
       pre_init.c.obj                 4      0         0      
    +--+------------------------------+------+---------+---------+
       Total:                         1092   0         0      
                                                              
       Stack:                         0      0         512    
       Linker Generated:              0      43        0      
    +--+------------------------------+------+---------+---------+
       Grand Total:                   4222   1027      525    


LINKER GENERATED COPY TABLES

__TI_cinit_table @ 00001480 records: 2, size/record: 8, table size: 16
	.bss: load addr=00001470, load size=00000008 bytes, run addr=20000200, run size=00000008 bytes, compression=zero_init
	.data: load addr=00001478, load size=00000007 bytes, run addr=20000208, run size=00000005 bytes, compression=lzss


LINKER GENERATED HANDLER TABLE

__TI_handler_table @ 00001460 records: 3, size/record: 4, table size: 12
	index: 0, handler: __TI_decompress_lzss
	index: 1, handler: __TI_decompress_none
	index: 2, handler: __TI_zero_init


GLOBAL SYMBOLS: SORTED ALPHABETICALLY BY Name 

address   name                          
-------   ----                          
0000060d  BotonesTivaC                  
000012eb  C$$EXIT                       
0000129f  CPUcpsie                      
2000020c  Cambio_giro                   
20000208  Ciclo_trabajo                 
00000705  ConfigINTERRUPCIONES          
000006c3  Configuraciones               
00001159  GPIODirModeSet                
000012cf  GPIOIntClear                  
000012ab  GPIOIntEnable                 
00001283  GPIOIntStatus                 
00000fc9  GPIOIntTypeSet                
00000a2b  GPIOPadConfigSet              
00001021  GPIOPinConfigure              
000012d5  GPIOPinRead                   
0000122d  GPIOPinTypeGPIOInput          
000011ff  GPIOPinTypeGPIOOutput         
0000123f  GPIOPinTypePWM                
000012db  GPIOPinWrite                  
00000ef9  IntEnable                     
00001263  IntMasterEnable               
20000200  Load                          
20000204  PWMClock                      
00001183  PWMGenConfigure               
000012b7  PWMGenEnable                  
00001273  PWMGenPeriodSet               
00001251  PWMOutputState                
000011c5  PWMPulseWidthSet              
000012c3  ResetISR                      
00000b5d  SysCtlClockGet                
00000d69  SysCtlClockSet                
000012e1  SysCtlDelay                   
00001219  SysCtlPWMClockSet             
000010f1  SysCtlPeripheralEnable        
20000200  __STACK_END                   
00000200  __STACK_SIZE                  
20000200  __STACK_TOP                   
00001480  __TI_CINIT_Base               
00001490  __TI_CINIT_Limit              
00001460  __TI_Handler_Table_Base       
0000146c  __TI_Handler_Table_Limit      
00001069  __TI_auto_init_nobinit_nopinit
00000f61  __TI_decompress_lzss          
00001291  __TI_decompress_none          
ffffffff  __TI_pprof_out_hndl           
ffffffff  __TI_prof_data_size           
ffffffff  __TI_prof_data_start          
00000000  __TI_static_base__            
000011e3  __TI_zero_init_nomemset       
000010ad  __aeabi_d2uiz                 
000008f5  __aeabi_ddiv                  
00000c6d  __aeabi_dmul                  
00000e5d  __aeabi_memcpy                
00000e5d  __aeabi_memcpy4               
00000e5d  __aeabi_memcpy8               
000011a5  __aeabi_ui2d                  
ffffffff  __binit__                     
ffffffff  __c_args__                    
UNDEFED   __mpu_init                    
20000000  __stack                       
00001125  _c_int00_noargs               
UNDEFED   _system_post_cinit            
000012e7  _system_pre_init              
000012eb  abort                         
ffffffff  binit                         
00000725  configPWM                     
00000000  g_pfnVectors                  
000004e7  has_lcd_4bitsetup             
0000035d  has_lcd_erase                 
000004b3  has_lcd_position              
000003a9  has_lcd_sendchar              
0000042d  has_lcd_sendcommand           
0000026d  has_lcd_switchwrite           
0000036f  has_lcd_write                 
00000789  main                          
00000e5d  memcpy                        


GLOBAL SYMBOLS: SORTED BY Symbol Address 

address   name                          
-------   ----                          
00000000  __TI_static_base__            
00000000  g_pfnVectors                  
00000200  __STACK_SIZE                  
0000026d  has_lcd_switchwrite           
0000035d  has_lcd_erase                 
0000036f  has_lcd_write                 
000003a9  has_lcd_sendchar              
0000042d  has_lcd_sendcommand           
000004b3  has_lcd_position              
000004e7  has_lcd_4bitsetup             
0000060d  BotonesTivaC                  
000006c3  Configuraciones               
00000705  ConfigINTERRUPCIONES          
00000725  configPWM                     
00000789  main                          
000008f5  __aeabi_ddiv                  
00000a2b  GPIOPadConfigSet              
00000b5d  SysCtlClockGet                
00000c6d  __aeabi_dmul                  
00000d69  SysCtlClockSet                
00000e5d  __aeabi_memcpy                
00000e5d  __aeabi_memcpy4               
00000e5d  __aeabi_memcpy8               
00000e5d  memcpy                        
00000ef9  IntEnable                     
00000f61  __TI_decompress_lzss          
00000fc9  GPIOIntTypeSet                
00001021  GPIOPinConfigure              
00001069  __TI_auto_init_nobinit_nopinit
000010ad  __aeabi_d2uiz                 
000010f1  SysCtlPeripheralEnable        
00001125  _c_int00_noargs               
00001159  GPIODirModeSet                
00001183  PWMGenConfigure               
000011a5  __aeabi_ui2d                  
000011c5  PWMPulseWidthSet              
000011e3  __TI_zero_init_nomemset       
000011ff  GPIOPinTypeGPIOOutput         
00001219  SysCtlPWMClockSet             
0000122d  GPIOPinTypeGPIOInput          
0000123f  GPIOPinTypePWM                
00001251  PWMOutputState                
00001263  IntMasterEnable               
00001273  PWMGenPeriodSet               
00001283  GPIOIntStatus                 
00001291  __TI_decompress_none          
0000129f  CPUcpsie                      
000012ab  GPIOIntEnable                 
000012b7  PWMGenEnable                  
000012c3  ResetISR                      
000012cf  GPIOIntClear                  
000012d5  GPIOPinRead                   
000012db  GPIOPinWrite                  
000012e1  SysCtlDelay                   
000012e7  _system_pre_init              
000012eb  C$$EXIT                       
000012eb  abort                         
00001460  __TI_Handler_Table_Base       
0000146c  __TI_Handler_Table_Limit      
00001480  __TI_CINIT_Base               
00001490  __TI_CINIT_Limit              
20000000  __stack                       
20000200  Load                          
20000200  __STACK_END                   
20000200  __STACK_TOP                   
20000204  PWMClock                      
20000208  Ciclo_trabajo                 
2000020c  Cambio_giro                   
ffffffff  __TI_pprof_out_hndl           
ffffffff  __TI_prof_data_size           
ffffffff  __TI_prof_data_start          
ffffffff  __binit__                     
ffffffff  __c_args__                    
ffffffff  binit                         
UNDEFED   __mpu_init                    
UNDEFED   _system_post_cinit            

[76 symbols]
